// Jest Snapshot v1, https://goo.gl/fbAQLP

exports[`renders correctly Header component 1`] = `null`;
